Sensor Simulator starting (ID: 3, Server: 127.0.0.1:1245, Interval: 31 sec)
Connecting to server...
Connected to server at 127.0.0.1:1245 as sensor node 3
Sending authentication: AUTH sensor_user password123
Sending data: DATA 3 21.28 54.27 1003.72 1745111388
Next transmission at 08:10:19 (31 seconds from now)
Sending data: DATA 3 26.68 57.88 1013.11 1745111419
Next transmission at 08:10:50 (31 seconds from now)
Sending data: DATA 3 22.57 54.84 1008.08 1745111450
Next transmission at 08:11:21 (31 seconds from now)
Sending data: DATA 3 26.13 53.74 1003.07 1745111481
Next transmission at 08:11:52 (31 seconds from now)
Sending data: DATA 3 19.53 56.04 1003.25 1745111512
Next transmission at 08:12:23 (31 seconds from now)
Sending data: DATA 3 23.06 59.48 1007.83 1745111543
Next transmission at 08:12:54 (31 seconds from now)
Sending data: DATA 3 18.25 52.91 1012.66 1745111574
Next transmission at 08:13:25 (31 seconds from now)
Sending data: DATA 3 22.31 45.48 1007.37 1745111605
Next transmission at 08:13:56 (31 seconds from now)
Sending data: DATA 3 19.19 41.88 1019.37 1745111636
Next transmission at 08:14:27 (31 seconds from now)
Sending data: DATA 3 26.60 53.66 1016.15 1745111667
Next transmission at 08:14:58 (31 seconds from now)
Sending data: DATA 3 26.47 42.21 1010.43 1745111698
Next transmission at 08:15:29 (31 seconds from now)
Sending data: DATA 3 26.83 41.57 1008.30 1745111729
Next transmission at 08:16:00 (31 seconds from now)
Sending data: DATA 3 21.88 52.72 1003.14 1745111760
Next transmission at 08:16:31 (31 seconds from now)
Sending data: DATA 3 24.42 50.98 1016.88 1745111791
Next transmission at 08:17:02 (31 seconds from now)
Sending data: DATA 3 24.45 56.03 1012.93 1745111822
Next transmission at 08:17:33 (31 seconds from now)
Sending data: DATA 3 24.58 48.15 1012.40 1745111853
Next transmission at 08:18:04 (31 seconds from now)
Sending data: DATA 3 26.99 50.65 1005.32 1745111884
Next transmission at 08:18:35 (31 seconds from now)
Sending data: DATA 3 21.82 41.27 1010.80 1745111915
Next transmission at 08:19:06 (31 seconds from now)
Sending data: DATA 3 24.01 45.66 1012.68 1745111946
Next transmission at 08:19:37 (31 seconds from now)
Sending data: DATA 3 22.19 44.85 1006.34 1745111977
Next transmission at 08:20:08 (31 seconds from now)
Sending data: DATA 3 18.77 43.78 1008.55 1745112008
Next transmission at 08:20:39 (31 seconds from now)
Sending data: DATA 3 22.48 43.43 1010.12 1745112039
Next transmission at 08:21:10 (31 seconds from now)
Sending data: DATA 3 25.13 53.19 1022.84 1745112070
Next transmission at 08:21:41 (31 seconds from now)
Sending data: DATA 3 25.20 48.02 1013.82 1745112101
Next transmission at 08:22:12 (31 seconds from now)
Sending data: DATA 3 22.15 42.93 1009.85 1745112132
Next transmission at 08:22:43 (31 seconds from now)
Sending data: DATA 3 17.11 58.09 1018.01 1745112163
Next transmission at 08:23:14 (31 seconds from now)
Sending data: DATA 3 21.81 58.07 1008.66 1745112194
Next transmission at 08:23:45 (31 seconds from now)
Sending data: DATA 3 22.97 47.72 1009.92 1745112225
Next transmission at 08:24:16 (31 seconds from now)
Sending data: DATA 3 26.87 41.73 1015.58 1745112256
Next transmission at 08:24:47 (31 seconds from now)
Sending data: DATA 3 21.70 52.11 1020.43 1745112287
Next transmission at 08:25:18 (31 seconds from now)
Sending data: DATA 3 23.37 55.64 1004.21 1745112318
Next transmission at 08:25:49 (31 seconds from now)
Sending data: DATA 3 26.15 46.60 1007.64 1745112349
Next transmission at 08:26:20 (31 seconds from now)
Sending data: DATA 3 19.71 42.87 1020.83 1745112380
Next transmission at 08:26:51 (31 seconds from now)
Sending data: DATA 3 19.63 59.27 1008.86 1745112411
Next transmission at 08:27:22 (31 seconds from now)
Sending data: DATA 3 25.04 49.56 1011.79 1745112442
Next transmission at 08:27:53 (31 seconds from now)
Sending data: DATA 3 18.46 49.78 1009.88 1745112473
Next transmission at 08:28:24 (31 seconds from now)
Sending data: DATA 3 25.97 59.40 1007.95 1745112504
Next transmission at 08:28:55 (31 seconds from now)
Sending data: DATA 3 18.80 51.33 1015.67 1745112535
Next transmission at 08:29:26 (31 seconds from now)
Sending data: DATA 3 22.26 51.06 1017.39 1745112566
Next transmission at 08:29:57 (31 seconds from now)
Sending data: DATA 3 18.55 40.47 1009.50 1745112597
Next transmission at 08:30:28 (31 seconds from now)
Sending data: DATA 3 17.26 53.22 1005.14 1745112628
Next transmission at 08:30:59 (31 seconds from now)
Sending data: DATA 3 17.87 51.51 1011.74 1745112659
Next transmission at 08:31:30 (31 seconds from now)

Received signal 2, shutting down...
Sensor simulator shutdown complete
