Sensor Simulator starting (ID: 4, Server: 127.0.0.1:1245, Interval: 12 sec)
Connecting to server...
Connected to server at 127.0.0.1:1245 as sensor node 4
Sending authentication: AUTH sensor_user password123
Sending data: DATA 4 18.21 58.14 1021.63 1745111195
Next transmission at 08:06:47 (12 seconds from now)
Sending data: DATA 4 22.11 41.29 1005.24 1745111207
Next transmission at 08:06:59 (12 seconds from now)
Sending data: DATA 4 24.45 42.05 1005.09 1745111219
Next transmission at 08:07:11 (12 seconds from now)
Sending data: DATA 4 18.60 47.50 1021.49 1745111231
Next transmission at 08:07:23 (12 seconds from now)
Sending data: DATA 4 24.06 47.34 1015.59 1745111243
Next transmission at 08:07:35 (12 seconds from now)
Sending data: DATA 4 20.60 42.19 1003.16 1745111255
Next transmission at 08:07:47 (12 seconds from now)
Sending data: DATA 4 17.23 41.47 1014.91 1745111267
Next transmission at 08:07:59 (12 seconds from now)
Sending data: DATA 4 23.08 46.63 1012.41 1745111279
Next transmission at 08:08:11 (12 seconds from now)
Sending data: DATA 4 18.20 51.23 1004.04 1745111291
Next transmission at 08:08:23 (12 seconds from now)
Sending data: DATA 4 21.02 48.19 1011.23 1745111303
Next transmission at 08:08:35 (12 seconds from now)
Sending data: DATA 4 23.47 50.62 1009.37 1745111315
Next transmission at 08:08:47 (12 seconds from now)
Sending data: DATA 4 22.79 40.83 1010.66 1745111327
Next transmission at 08:08:59 (12 seconds from now)
Sending data: DATA 4 23.91 55.73 1012.71 1745111339
Next transmission at 08:09:11 (12 seconds from now)
Sending data: DATA 4 24.95 58.93 1020.21 1745111351
Next transmission at 08:09:23 (12 seconds from now)
Sending data: DATA 4 24.20 53.04 1007.55 1745111363
Next transmission at 08:09:35 (12 seconds from now)

Received signal 2, shutting down...
Sensor simulator shutdown complete
